[
    {
        "wazuh": {
            "queue": 49,
            "location": "[002] (ubuntu-agent) any->/var/log/apache2/access.log",
            "message": "192.168.56.1 - - [14/Mar/2023:10:58:26 +0000] \"GET / HTTP/1.1\" 200 3477 \"-\" \"Mozilla/5.0 (X11; Linux x86_64) AppleWebKit/537.36 (KHTML, like Gecko) Chrome/111.0.0.0 Safari/537.36\"",
            "decoders": [
                "core-wazuh-message",
                "core-localfile",
                "integrations",
                "apache-access"
            ],
            "origin": "/var/log/apache2/access.log",
            "registered_ip": "any",
            "source": "logcollector"
        },
        "ecs": {
            "version": "8.8"
        },
        "event": {
            "original": "192.168.56.1 - - [14/Mar/2023:10:58:26 +0000] \"GET / HTTP/1.1\" 200 3477 \"-\" \"Mozilla/5.0 (X11; Linux x86_64) AppleWebKit/537.36 (KHTML, like Gecko) Chrome/111.0.0.0 Safari/537.36\"",
            "created": "2023-03-14T10:58:26.000Z",
            "category": [
                "web"
            ],
            "dataset": "apache-access",
            "kind": "event",
            "module": "apache-http",
            "outcome": "success"
        },
        "agent": {
            "id": "002",
            "name": "ubuntu-agent",
            "type": "wazuh-agent"
        },
        "host": {
            "id": "002"
        },
        "source": {
            "address": "192.168.56.1",
            "ip": "192.168.56.1"
        },
        "user": {
            "name": "-"
        },
        "http": {
            "response": {
                "status_code": 200,
                "body": {
                    "bytes": 3477
                }
            },
            "request": {
                "referrer": "-",
                "method": "GET"
            },
            "version": "1.1"
        },
        "user_agent": {
            "original": "Mozilla/5.0 (X11; Linux x86_64) AppleWebKit/537.36 (KHTML, like Gecko) Chrome/111.0.0.0 Safari/537.36"
        },
        "service": {
            "type": "apache"
        },
        "url": {
            "original": "/"
        }
    },
    {
        "wazuh": {
            "queue": 49,
            "location": "[002] (ubuntu-agent) any->/var/log/apache2/access.log",
            "message": "192.168.56.1 - - [14/Mar/2023:11:00:59 +0000] \"GET /asdf HTTP/1.1\" 404 491 \"-\" \"Mozilla/5.0 (X11; Linux x86_64) AppleWebKit/537.36 (KHTML, like Gecko) Chrome/111.0.0.0 Safari/537.36\"",
            "decoders": [
                "core-wazuh-message",
                "core-localfile",
                "integrations",
                "apache-access"
            ],
            "origin": "/var/log/apache2/access.log",
            "registered_ip": "any",
            "source": "logcollector"
        },
        "ecs": {
            "version": "8.8"
        },
        "event": {
            "original": "192.168.56.1 - - [14/Mar/2023:11:00:59 +0000] \"GET /asdf HTTP/1.1\" 404 491 \"-\" \"Mozilla/5.0 (X11; Linux x86_64) AppleWebKit/537.36 (KHTML, like Gecko) Chrome/111.0.0.0 Safari/537.36\"",
            "created": "2023-03-14T11:00:59.000Z",
            "category": [
                "web"
            ],
            "dataset": "apache-access",
            "kind": "event",
            "module": "apache-http",
            "outcome": "failure"
        },
        "agent": {
            "id": "002",
            "name": "ubuntu-agent",
            "type": "wazuh-agent"
        },
        "host": {
            "id": "002"
        },
        "source": {
            "address": "192.168.56.1",
            "ip": "192.168.56.1"
        },
        "user": {
            "name": "-"
        },
        "http": {
            "response": {
                "status_code": 404,
                "body": {
                    "bytes": 491
                }
            },
            "request": {
                "referrer": "-",
                "method": "GET"
            },
            "version": "1.1"
        },
        "user_agent": {
            "original": "Mozilla/5.0 (X11; Linux x86_64) AppleWebKit/537.36 (KHTML, like Gecko) Chrome/111.0.0.0 Safari/537.36"
        },
        "service": {
            "type": "apache"
        },
        "url": {
            "original": "/asdf"
        }
    }
]